// Jest Snapshot v1, https://goo.gl/fbAQLP

exports[`Button component renders without crashing 1`] = `
<View
  accessible={true}
  collapsable={false}
  focusable={true}
  nativeID="animatedComponent"
  onClick={[Function]}
  onResponderGrant={[Function]}
  onResponderMove={[Function]}
  onResponderRelease={[Function]}
  onResponderTerminate={[Function]}
  onResponderTerminationRequest={[Function]}
  onStartShouldSetResponder={[Function]}
  style={
    Object {
      "alignItems": "center",
      "backgroundColor": "#F3997B",
      "borderRadius": 5,
      "opacity": 1,
      "padding": 15,
      "shadowOffset": Object {
        "height": 20,
        "width": 20,
      },
      "width": 200,
    }
  }
>
  <Text
    style={
      Object {
        "color": "#fff",
        "fontFamily": "Roboto-Bold",
        "fontSize": 12,
      }
    }
  >
    test
  </Text>
</View>
`;
